Archive member included to satisfy reference by file (symbol)

e:/stm32cube/gcc-arm-none-eabi-10.3-2021.10/bin/../lib/gcc/arm-none-eabi/10.3.1/../../../../arm-none-eabi/lib/thumb/v7e-m/nofp\libg.a(lib_a-errno.o)
                              CMakeFiles/ThirdTime.elf.dir/Core/Src/syscalls.c.obj (__errno)
e:/stm32cube/gcc-arm-none-eabi-10.3-2021.10/bin/../lib/gcc/arm-none-eabi/10.3.1/../../../../arm-none-eabi/lib/thumb/v7e-m/nofp\libg.a(lib_a-exit.o)
                              e:/stm32cube/gcc-arm-none-eabi-10.3-2021.10/bin/../lib/gcc/arm-none-eabi/10.3.1/../../../../arm-none-eabi/lib/thumb/v7e-m/nofp/crt0.o (exit)
e:/stm32cube/gcc-arm-none-eabi-10.3-2021.10/bin/../lib/gcc/arm-none-eabi/10.3.1/../../../../arm-none-eabi/lib/thumb/v7e-m/nofp\libg.a(lib_a-impure.o)
                              e:/stm32cube/gcc-arm-none-eabi-10.3-2021.10/bin/../lib/gcc/arm-none-eabi/10.3.1/../../../../arm-none-eabi/lib/thumb/v7e-m/nofp\libg.a(lib_a-exit.o) (_global_impure_ptr)
e:/stm32cube/gcc-arm-none-eabi-10.3-2021.10/bin/../lib/gcc/arm-none-eabi/10.3.1/../../../../arm-none-eabi/lib/thumb/v7e-m/nofp\libg.a(lib_a-init.o)
                              e:/stm32cube/gcc-arm-none-eabi-10.3-2021.10/bin/../lib/gcc/arm-none-eabi/10.3.1/../../../../arm-none-eabi/lib/thumb/v7e-m/nofp/crt0.o (__libc_init_array)
e:/stm32cube/gcc-arm-none-eabi-10.3-2021.10/bin/../lib/gcc/arm-none-eabi/10.3.1/../../../../arm-none-eabi/lib/thumb/v7e-m/nofp\libg.a(lib_a-memset.o)
                              e:/stm32cube/gcc-arm-none-eabi-10.3-2021.10/bin/../lib/gcc/arm-none-eabi/10.3.1/../../../../arm-none-eabi/lib/thumb/v7e-m/nofp/crt0.o (memset)
e:/stm32cube/gcc-arm-none-eabi-10.3-2021.10/bin/../lib/gcc/arm-none-eabi/10.3.1/../../../../arm-none-eabi/lib/thumb/v7e-m/nofp\libg.a(lib_a-__call_atexit.o)
                              e:/stm32cube/gcc-arm-none-eabi-10.3-2021.10/bin/../lib/gcc/arm-none-eabi/10.3.1/../../../../arm-none-eabi/lib/thumb/v7e-m/nofp\libg.a(lib_a-exit.o) (__call_exitprocs)
e:/stm32cube/gcc-arm-none-eabi-10.3-2021.10/bin/../lib/gcc/arm-none-eabi/10.3.1/../../../../arm-none-eabi/lib/thumb/v7e-m/nofp\libg.a(lib_a-atexit.o)
                              e:/stm32cube/gcc-arm-none-eabi-10.3-2021.10/bin/../lib/gcc/arm-none-eabi/10.3.1/../../../../arm-none-eabi/lib/thumb/v7e-m/nofp\libg.a(lib_a-__call_atexit.o) (atexit)
e:/stm32cube/gcc-arm-none-eabi-10.3-2021.10/bin/../lib/gcc/arm-none-eabi/10.3.1/../../../../arm-none-eabi/lib/thumb/v7e-m/nofp\libg.a(lib_a-fini.o)
                              e:/stm32cube/gcc-arm-none-eabi-10.3-2021.10/bin/../lib/gcc/arm-none-eabi/10.3.1/../../../../arm-none-eabi/lib/thumb/v7e-m/nofp\libg.a(lib_a-__call_atexit.o) (__libc_fini_array)
e:/stm32cube/gcc-arm-none-eabi-10.3-2021.10/bin/../lib/gcc/arm-none-eabi/10.3.1/../../../../arm-none-eabi/lib/thumb/v7e-m/nofp\libg.a(lib_a-lock.o)
                              e:/stm32cube/gcc-arm-none-eabi-10.3-2021.10/bin/../lib/gcc/arm-none-eabi/10.3.1/../../../../arm-none-eabi/lib/thumb/v7e-m/nofp\libg.a(lib_a-__call_atexit.o) (__retarget_lock_acquire_recursive)
e:/stm32cube/gcc-arm-none-eabi-10.3-2021.10/bin/../lib/gcc/arm-none-eabi/10.3.1/../../../../arm-none-eabi/lib/thumb/v7e-m/nofp\libg.a(lib_a-__atexit.o)
                              e:/stm32cube/gcc-arm-none-eabi-10.3-2021.10/bin/../lib/gcc/arm-none-eabi/10.3.1/../../../../arm-none-eabi/lib/thumb/v7e-m/nofp\libg.a(lib_a-atexit.o) (__register_exitproc)

Discarded input sections

 .text          0x00000000        0x0 e:/stm32cube/gcc-arm-none-eabi-10.3-2021.10/bin/../lib/gcc/arm-none-eabi/10.3.1/thumb/v7e-m/nofp/crti.o
 .data          0x00000000        0x0 e:/stm32cube/gcc-arm-none-eabi-10.3-2021.10/bin/../lib/gcc/arm-none-eabi/10.3.1/thumb/v7e-m/nofp/crti.o
 .bss           0x00000000        0x0 e:/stm32cube/gcc-arm-none-eabi-10.3-2021.10/bin/../lib/gcc/arm-none-eabi/10.3.1/thumb/v7e-m/nofp/crti.o
 .data          0x00000000        0x4 e:/stm32cube/gcc-arm-none-eabi-10.3-2021.10/bin/../lib/gcc/arm-none-eabi/10.3.1/thumb/v7e-m/nofp/crtbegin.o
 .rodata        0x00000000       0x24 e:/stm32cube/gcc-arm-none-eabi-10.3-2021.10/bin/../lib/gcc/arm-none-eabi/10.3.1/thumb/v7e-m/nofp/crtbegin.o
 .text          0x00000000       0x7c e:/stm32cube/gcc-arm-none-eabi-10.3-2021.10/bin/../lib/gcc/arm-none-eabi/10.3.1/../../../../arm-none-eabi/lib/thumb/v7e-m/nofp/crt0.o
 .data          0x00000000        0x0 e:/stm32cube/gcc-arm-none-eabi-10.3-2021.10/bin/../lib/gcc/arm-none-eabi/10.3.1/../../../../arm-none-eabi/lib/thumb/v7e-m/nofp/crt0.o
 .bss           0x00000000        0x0 e:/stm32cube/gcc-arm-none-eabi-10.3-2021.10/bin/../lib/gcc/arm-none-eabi/10.3.1/../../../../arm-none-eabi/lib/thumb/v7e-m/nofp/crt0.o
 .ARM.extab     0x00000000        0x0 e:/stm32cube/gcc-arm-none-eabi-10.3-2021.10/bin/../lib/gcc/arm-none-eabi/10.3.1/../../../../arm-none-eabi/lib/thumb/v7e-m/nofp/crt0.o
 .ARM.exidx     0x00000000       0x10 e:/stm32cube/gcc-arm-none-eabi-10.3-2021.10/bin/../lib/gcc/arm-none-eabi/10.3.1/../../../../arm-none-eabi/lib/thumb/v7e-m/nofp/crt0.o
 .ARM.attributes
                0x00000000       0x1c e:/stm32cube/gcc-arm-none-eabi-10.3-2021.10/bin/../lib/gcc/arm-none-eabi/10.3.1/../../../../arm-none-eabi/lib/thumb/v7e-m/nofp/crt0.o
 .text          0x00000000        0x0 CMakeFiles/ThirdTime.elf.dir/Core/Src/can.c.obj
 .data          0x00000000        0x0 CMakeFiles/ThirdTime.elf.dir/Core/Src/can.c.obj
 .bss           0x00000000        0x0 CMakeFiles/ThirdTime.elf.dir/Core/Src/can.c.obj
 .text.HAL_CAN_MspInit
                0x00000000       0x70 CMakeFiles/ThirdTime.elf.dir/Core/Src/can.c.obj
 .text.HAL_CAN_MspDeInit
                0x00000000       0x30 CMakeFiles/ThirdTime.elf.dir/Core/Src/can.c.obj
 .text          0x00000000        0x0 CMakeFiles/ThirdTime.elf.dir/Core/Src/gpio.c.obj
 .data          0x00000000        0x0 CMakeFiles/ThirdTime.elf.dir/Core/Src/gpio.c.obj
 .bss           0x00000000        0x0 CMakeFiles/ThirdTime.elf.dir/Core/Src/gpio.c.obj
 .text          0x00000000        0x0 CMakeFiles/ThirdTime.elf.dir/Core/Src/main.c.obj
 .data          0x00000000        0x0 CMakeFiles/ThirdTime.elf.dir/Core/Src/main.c.obj
 .bss           0x00000000        0x0 CMakeFiles/ThirdTime.elf.dir/Core/Src/main.c.obj
 .text.motorgo  0x00000000       0x20 CMakeFiles/ThirdTime.elf.dir/Core/Src/main.c.obj
 .text.motorspeed
                0x00000000        0xc CMakeFiles/ThirdTime.elf.dir/Core/Src/main.c.obj
 .text.cansend  0x00000000       0x54 CMakeFiles/ThirdTime.elf.dir/Core/Src/main.c.obj
 .text          0x00000000        0x0 CMakeFiles/ThirdTime.elf.dir/Core/Src/stm32f4xx_hal_msp.c.obj
 .data          0x00000000        0x0 CMakeFiles/ThirdTime.elf.dir/Core/Src/stm32f4xx_hal_msp.c.obj
 .bss           0x00000000        0x0 CMakeFiles/ThirdTime.elf.dir/Core/Src/stm32f4xx_hal_msp.c.obj
 .text.HAL_MspInit
                0x00000000       0x38 CMakeFiles/ThirdTime.elf.dir/Core/Src/stm32f4xx_hal_msp.c.obj
 .debug_info    0x00000000      0x2a4 CMakeFiles/ThirdTime.elf.dir/Core/Src/stm32f4xx_hal_msp.c.obj
 .debug_abbrev  0x00000000       0xd1 CMakeFiles/ThirdTime.elf.dir/Core/Src/stm32f4xx_hal_msp.c.obj
 .debug_aranges
                0x00000000       0x20 CMakeFiles/ThirdTime.elf.dir/Core/Src/stm32f4xx_hal_msp.c.obj
 .debug_ranges  0x00000000       0x10 CMakeFiles/ThirdTime.elf.dir/Core/Src/stm32f4xx_hal_msp.c.obj
 .debug_line    0x00000000      0x17c CMakeFiles/ThirdTime.elf.dir/Core/Src/stm32f4xx_hal_msp.c.obj
 .debug_str     0x00000000      0x2c7 CMakeFiles/ThirdTime.elf.dir/Core/Src/stm32f4xx_hal_msp.c.obj
 .comment       0x00000000       0x4a CMakeFiles/ThirdTime.elf.dir/Core/Src/stm32f4xx_hal_msp.c.obj
 .debug_frame   0x00000000       0x28 CMakeFiles/ThirdTime.elf.dir/Core/Src/stm32f4xx_hal_msp.c.obj
 .ARM.attributes
                0x00000000       0x2e CMakeFiles/ThirdTime.elf.dir/Core/Src/stm32f4xx_hal_msp.c.obj
 .text          0x00000000        0x0 CMakeFiles/ThirdTime.elf.dir/Core/Src/stm32f4xx_it.c.obj
 .data          0x00000000        0x0 CMakeFiles/ThirdTime.elf.dir/Core/Src/stm32f4xx_it.c.obj
 .bss           0x00000000        0x0 CMakeFiles/ThirdTime.elf.dir/Core/Src/stm32f4xx_it.c.obj
 .text          0x00000000        0x0 CMakeFiles/ThirdTime.elf.dir/Core/Src/syscalls.c.obj
 .data          0x00000000        0x0 CMakeFiles/ThirdTime.elf.dir/Core/Src/syscalls.c.obj
 .bss           0x00000000        0x0 CMakeFiles/ThirdTime.elf.dir/Core/Src/syscalls.c.obj
 .text.initialise_monitor_handles
                0x00000000        0x2 CMakeFiles/ThirdTime.elf.dir/Core/Src/syscalls.c.obj
 .text._getpid  0x00000000        0x4 CMakeFiles/ThirdTime.elf.dir/Core/Src/syscalls.c.obj
 .text._kill    0x00000000       0x10 CMakeFiles/ThirdTime.elf.dir/Core/Src/syscalls.c.obj
 .text._exit    0x00000000        0xc CMakeFiles/ThirdTime.elf.dir/Core/Src/syscalls.c.obj
 .text._read    0x00000000       0x20 CMakeFiles/ThirdTime.elf.dir/Core/Src/syscalls.c.obj
 .text._write   0x00000000       0x1c CMakeFiles/ThirdTime.elf.dir/Core/Src/syscalls.c.obj
 .text._close   0x00000000        0x6 CMakeFiles/ThirdTime.elf.dir/Core/Src/syscalls.c.obj
 .text._fstat   0x00000000        0xa CMakeFiles/ThirdTime.elf.dir/Core/Src/syscalls.c.obj
 .text._isatty  0x00000000        0x4 CMakeFiles/ThirdTime.elf.dir/Core/Src/syscalls.c.obj
 .text._lseek   0x00000000        0x4 CMakeFiles/ThirdTime.elf.dir/Core/Src/syscalls.c.obj
 .text._open    0x00000000        0xa CMakeFiles/ThirdTime.elf.dir/Core/Src/syscalls.c.obj
 .text._wait    0x00000000       0x10 CMakeFiles/ThirdTime.elf.dir/Core/Src/syscalls.c.obj
 .text._unlink  0x00000000       0x10 CMakeFiles/ThirdTime.elf.dir/Core/Src/syscalls.c.obj
 .text._times   0x00000000        0x6 CMakeFiles/ThirdTime.elf.dir/Core/Src/syscalls.c.obj
 .text._stat    0x00000000        0xa CMakeFiles/ThirdTime.elf.dir/Core/Src/syscalls.c.obj
 .text._link    0x00000000       0x10 CMakeFiles/ThirdTime.elf.dir/Core/Src/syscalls.c.obj
 .text._fork    0x00000000       0x10 CMakeFiles/ThirdTime.elf.dir/Core/Src/syscalls.c.obj
 .text._execve  0x00000000       0x10 CMakeFiles/ThirdTime.elf.dir/Core/Src/syscalls.c.obj
 .bss.__env     0x00000000        0x4 CMakeFiles/ThirdTime.elf.dir/Core/Src/syscalls.c.obj
 .data.environ  0x00000000        0x4 CMakeFiles/ThirdTime.elf.dir/Core/Src/syscalls.c.obj
 .debug_info    0x00000000      0x7af CMakeFiles/ThirdTime.elf.dir/Core/Src/syscalls.c.obj
 .debug_abbrev  0x00000000      0x1a3 CMakeFiles/ThirdTime.elf.dir/Core/Src/syscalls.c.obj
 .debug_loc     0x00000000      0x3c5 CMakeFiles/ThirdTime.elf.dir/Core/Src/syscalls.c.obj
 .debug_aranges
                0x00000000       0xa8 CMakeFiles/ThirdTime.elf.dir/Core/Src/syscalls.c.obj
 .debug_ranges  0x00000000       0x98 CMakeFiles/ThirdTime.elf.dir/Core/Src/syscalls.c.obj
 .debug_line    0x00000000      0x404 CMakeFiles/ThirdTime.elf.dir/Core/Src/syscalls.c.obj
 .debug_str     0x00000000      0x405 CMakeFiles/ThirdTime.elf.dir/Core/Src/syscalls.c.obj
 .comment       0x00000000       0x4a CMakeFiles/ThirdTime.elf.dir/Core/Src/syscalls.c.obj
 .debug_frame   0x00000000      0x190 CMakeFiles/ThirdTime.elf.dir/Core/Src/syscalls.c.obj
 .ARM.attributes
                0x00000000       0x2e CMakeFiles/ThirdTime.elf.dir/Core/Src/syscalls.c.obj
 .text          0x00000000        0x0 CMakeFiles/ThirdTime.elf.dir/Core/Src/sysmem.c.obj
 .data          0x00000000        0x0 CMakeFiles/ThirdTime.elf.dir/Core/Src/sysmem.c.obj
 .bss           0x00000000        0x0 CMakeFiles/ThirdTime.elf.dir/Core/Src/sysmem.c.obj
 .text._sbrk    0x00000000       0x48 CMakeFiles/ThirdTime.elf.dir/Core/Src/sysmem.c.obj
 .bss.__sbrk_heap_end
                0x00000000        0x4 CMakeFiles/ThirdTime.elf.dir/Core/Src/sysmem.c.obj
 .debug_info    0x00000000      0x174 CMakeFiles/ThirdTime.elf.dir/Core/Src/sysmem.c.obj
 .debug_abbrev  0x00000000       0xe7 CMakeFiles/ThirdTime.elf.dir/Core/Src/sysmem.c.obj
 .debug_loc     0x00000000       0x64 CMakeFiles/ThirdTime.elf.dir/Core/Src/sysmem.c.obj
 .debug_aranges
                0x00000000       0x20 CMakeFiles/ThirdTime.elf.dir/Core/Src/sysmem.c.obj
 .debug_ranges  0x00000000       0x10 CMakeFiles/ThirdTime.elf.dir/Core/Src/sysmem.c.obj
 .debug_line    0x00000000      0x1bd CMakeFiles/ThirdTime.elf.dir/Core/Src/sysmem.c.obj
 .debug_str     0x00000000      0x231 CMakeFiles/ThirdTime.elf.dir/Core/Src/sysmem.c.obj
 .comment       0x00000000       0x4a CMakeFiles/ThirdTime.elf.dir/Core/Src/sysmem.c.obj
 .debug_frame   0x00000000       0x28 CMakeFiles/ThirdTime.elf.dir/Core/Src/sysmem.c.obj
 .ARM.attributes
                0x00000000       0x2e CMakeFiles/ThirdTime.elf.dir/Core/Src/sysmem.c.obj
 .text          0x00000000        0x0 CMakeFiles/ThirdTime.elf.dir/Core/Src/system_stm32f4xx.c.obj
 .data          0x00000000        0x0 CMakeFiles/ThirdTime.elf.dir/Core/Src/system_stm32f4xx.c.obj
 .bss           0x00000000        0x0 CMakeFiles/ThirdTime.elf.dir/Core/Src/system_stm32f4xx.c.obj
 .text.SystemCoreClockUpdate
                0x00000000       0xa0 CMakeFiles/ThirdTime.elf.dir/Core/Src/system_stm32f4xx.c.obj
 .data.SystemCoreClock
                0x00000000        0x4 CMakeFiles/ThirdTime.elf.dir/Core/Src/system_stm32f4xx.c.obj
 .rodata.AHBPrescTable
                0x00000000       0x10 CMakeFiles/ThirdTime.elf.dir/Core/Src/system_stm32f4xx.c.obj
 .rodata.APBPrescTable
                0x00000000        0x8 CMakeFiles/ThirdTime.elf.dir/Core/Src/system_stm32f4xx.c.obj
 .text          0x00000000        0x0 CMakeFiles/ThirdTime.elf.dir/Core/Src/tim.c.obj
 .data          0x00000000        0x0 CMakeFiles/ThirdTime.elf.dir/Core/Src/tim.c.obj
 .bss           0x00000000        0x0 CMakeFiles/ThirdTime.elf.dir/Core/Src/tim.c.obj
 .text.HAL_TIM_PWM_MspInit
                0x00000000       0x30 CMakeFiles/ThirdTime.elf.dir/Core/Src/tim.c.obj
 .text.HAL_TIM_PWM_MspDeInit
                0x00000000       0x20 CMakeFiles/ThirdTime.elf.dir/Core/Src/tim.c.obj
 .text          0x00000000       0x14 CMakeFiles/ThirdTime.elf.dir/Core/Startup/startup_stm32f407ighx.s.obj
 .data          0x00000000        0x0 CMakeFiles/ThirdTime.elf.dir/Core/Startup/startup_stm32f407ighx.s.obj
 .bss           0x00000000        0x0 CMakeFiles/ThirdTime.elf.dir/Core/Startup/startup_stm32f407ighx.s.obj
 .text          0x00000000        0x0 e:/stm32cube/gcc-arm-none-eabi-10.3-2021.10/bin/../lib/gcc/arm-none-eabi/10.3.1/../../../../arm-none-eabi/lib/thumb/v7e-m/nofp\libg.a(lib_a-errno.o)
 .data          0x00000000        0x0 e:/stm32cube/gcc-arm-none-eabi-10.3-2021.10/bin/../lib/gcc/arm-none-eabi/10.3.1/../../../../arm-none-eabi/lib/thumb/v7e-m/nofp\libg.a(lib_a-errno.o)
 .bss           0x00000000        0x0 e:/stm32cube/gcc-arm-none-eabi-10.3-2021.10/bin/../lib/gcc/arm-none-eabi/10.3.1/../../../../arm-none-eabi/lib/thumb/v7e-m/nofp\libg.a(lib_a-errno.o)
 .text.__errno  0x00000000        0xc e:/stm32cube/gcc-arm-none-eabi-10.3-2021.10/bin/../lib/gcc/arm-none-eabi/10.3.1/../../../../arm-none-eabi/lib/thumb/v7e-m/nofp\libg.a(lib_a-errno.o)
 .debug_frame   0x00000000       0x20 e:/stm32cube/gcc-arm-none-eabi-10.3-2021.10/bin/../lib/gcc/arm-none-eabi/10.3.1/../../../../arm-none-eabi/lib/thumb/v7e-m/nofp\libg.a(lib_a-errno.o)
 .ARM.attributes
                0x00000000       0x2e e:/stm32cube/gcc-arm-none-eabi-10.3-2021.10/bin/../lib/gcc/arm-none-eabi/10.3.1/../../../../arm-none-eabi/lib/thumb/v7e-m/nofp\libg.a(lib_a-errno.o)
 .text          0x00000000        0x0 e:/stm32cube/gcc-arm-none-eabi-10.3-2021.10/bin/../lib/gcc/arm-none-eabi/10.3.1/../../../../arm-none-eabi/lib/thumb/v7e-m/nofp\libg.a(lib_a-exit.o)
 .data          0x00000000        0x0 e:/stm32cube/gcc-arm-none-eabi-10.3-2021.10/bin/../lib/gcc/arm-none-eabi/10.3.1/../../../../arm-none-eabi/lib/thumb/v7e-m/nofp\libg.a(lib_a-exit.o)
 .bss           0x00000000        0x0 e:/stm32cube/gcc-arm-none-eabi-10.3-2021.10/bin/../lib/gcc/arm-none-eabi/10.3.1/../../../../arm-none-eabi/lib/thumb/v7e-m/nofp\libg.a(lib_a-exit.o)
 .text.exit     0x00000000       0x20 e:/stm32cube/gcc-arm-none-eabi-10.3-2021.10/bin/../lib/gcc/arm-none-eabi/10.3.1/../../../../arm-none-eabi/lib/thumb/v7e-m/nofp\libg.a(lib_a-exit.o)
 .debug_frame   0x00000000       0x28 e:/stm32cube/gcc-arm-none-eabi-10.3-2021.10/bin/../lib/gcc/arm-none-eabi/10.3.1/../../../../arm-none-eabi/lib/thumb/v7e-m/nofp\libg.a(lib_a-exit.o)
 .ARM.attributes
                0x00000000       0x2e e:/stm32cube/gcc-arm-none-eabi-10.3-2021.10/bin/../lib/gcc/arm-none-eabi/10.3.1/../../../../arm-none-eabi/lib/thumb/v7e-m/nofp\libg.a(lib_a-exit.o)
 .text          0x00000000        0x0 e:/stm32cube/gcc-arm-none-eabi-10.3-2021.10/bin/../lib/gcc/arm-none-eabi/10.3.1/../../../../arm-none-eabi/lib/thumb/v7e-m/nofp\libg.a(lib_a-impure.o)
 .data          0x00000000        0x0 e:/stm32cube/gcc-arm-none-eabi-10.3-2021.10/bin/../lib/gcc/arm-none-eabi/10.3.1/../../../../arm-none-eabi/lib/thumb/v7e-m/nofp\libg.a(lib_a-impure.o)
 .bss           0x00000000        0x0 e:/stm32cube/gcc-arm-none-eabi-10.3-2021.10/bin/../lib/gcc/arm-none-eabi/10.3.1/../../../../arm-none-eabi/lib/thumb/v7e-m/nofp\libg.a(lib_a-impure.o)
 .data._impure_ptr
                0x00000000        0x4 e:/stm32cube/gcc-arm-none-eabi-10.3-2021.10/bin/../lib/gcc/arm-none-eabi/10.3.1/../../../../arm-none-eabi/lib/thumb/v7e-m/nofp\libg.a(lib_a-impure.o)
 .text          0x00000000        0x0 e:/stm32cube/gcc-arm-none-eabi-10.3-2021.10/bin/../lib/gcc/arm-none-eabi/10.3.1/../../../../arm-none-eabi/lib/thumb/v7e-m/nofp\libg.a(lib_a-init.o)
 .data          0x00000000        0x0 e:/stm32cube/gcc-arm-none-eabi-10.3-2021.10/bin/../lib/gcc/arm-none-eabi/10.3.1/../../../../arm-none-eabi/lib/thumb/v7e-m/nofp\libg.a(lib_a-init.o)
 .bss           0x00000000        0x0 e:/stm32cube/gcc-arm-none-eabi-10.3-2021.10/bin/../lib/gcc/arm-none-eabi/10.3.1/../../../../arm-none-eabi/lib/thumb/v7e-m/nofp\libg.a(lib_a-init.o)
 .text          0x00000000        0x0 e:/stm32cube/gcc-arm-none-eabi-10.3-2021.10/bin/../lib/gcc/arm-none-eabi/10.3.1/../../../../arm-none-eabi/lib/thumb/v7e-m/nofp\libg.a(lib_a-memset.o)
 .data          0x00000000        0x0 e:/stm32cube/gcc-arm-none-eabi-10.3-2021.10/bin/../lib/gcc/arm-none-eabi/10.3.1/../../../../arm-none-eabi/lib/thumb/v7e-m/nofp\libg.a(lib_a-memset.o)
 .bss           0x00000000        0x0 e:/stm32cube/gcc-arm-none-eabi-10.3-2021.10/bin/../lib/gcc/arm-none-eabi/10.3.1/../../../../arm-none-eabi/lib/thumb/v7e-m/nofp\libg.a(lib_a-memset.o)
 .text          0x00000000        0x0 e:/stm32cube/gcc-arm-none-eabi-10.3-2021.10/bin/../lib/gcc/arm-none-eabi/10.3.1/../../../../arm-none-eabi/lib/thumb/v7e-m/nofp\libg.a(lib_a-__call_atexit.o)
 .data          0x00000000        0x0 e:/stm32cube/gcc-arm-none-eabi-10.3-2021.10/bin/../lib/gcc/arm-none-eabi/10.3.1/../../../../arm-none-eabi/lib/thumb/v7e-m/nofp\libg.a(lib_a-__call_atexit.o)
 .bss           0x00000000        0x0 e:/stm32cube/gcc-arm-none-eabi-10.3-2021.10/bin/../lib/gcc/arm-none-eabi/10.3.1/../../../../arm-none-eabi/lib/thumb/v7e-m/nofp\libg.a(lib_a-__call_atexit.o)
 .text.__call_exitprocs
                0x00000000       0xc4 e:/stm32cube/gcc-arm-none-eabi-10.3-2021.10/bin/../lib/gcc/arm-none-eabi/10.3.1/../../../../arm-none-eabi/lib/thumb/v7e-m/nofp\libg.a(lib_a-__call_atexit.o)
 .text          0x00000000        0x0 e:/stm32cube/gcc-arm-none-eabi-10.3-2021.10/bin/../lib/gcc/arm-none-eabi/10.3.1/../../../../arm-none-eabi/lib/thumb/v7e-m/nofp\libg.a(lib_a-atexit.o)
 .data          0x00000000        0x0 e:/stm32cube/gcc-arm-none-eabi-10.3-2021.10/bin/../lib/gcc/arm-none-eabi/10.3.1/../../../../arm-none-eabi/lib/thumb/v7e-m/nofp\libg.a(lib_a-atexit.o)
 .bss           0x00000000        0x0 e:/stm32cube/gcc-arm-none-eabi-10.3-2021.10/bin/../lib/gcc/arm-none-eabi/10.3.1/../../../../arm-none-eabi/lib/thumb/v7e-m/nofp\libg.a(lib_a-atexit.o)
 .text          0x00000000        0x0 e:/stm32cube/gcc-arm-none-eabi-10.3-2021.10/bin/../lib/gcc/arm-none-eabi/10.3.1/../../../../arm-none-eabi/lib/thumb/v7e-m/nofp\libg.a(lib_a-fini.o)
 .data          0x00000000        0x0 e:/stm32cube/gcc-arm-none-eabi-10.3-2021.10/bin/../lib/gcc/arm-none-eabi/10.3.1/../../../../arm-none-eabi/lib/thumb/v7e-m/nofp\libg.a(lib_a-fini.o)
 .bss           0x00000000        0x0 e:/stm32cube/gcc-arm-none-eabi-10.3-2021.10/bin/../lib/gcc/arm-none-eabi/10.3.1/../../../../arm-none-eabi/lib/thumb/v7e-m/nofp\libg.a(lib_a-fini.o)
 .text          0x00000000        0x0 e:/stm32cube/gcc-arm-none-eabi-10.3-2021.10/bin/../lib/gcc/arm-none-eabi/10.3.1/../../../../arm-none-eabi/lib/thumb/v7e-m/nofp\libg.a(lib_a-lock.o)
 .data          0x00000000        0x0 e:/stm32cube/gcc-arm-none-eabi-10.3-2021.10/bin/../lib/gcc/arm-none-eabi/10.3.1/../../../../arm-none-eabi/lib/thumb/v7e-m/nofp\libg.a(lib_a-lock.o)
 .bss           0x00000000        0x0 e:/stm32cube/gcc-arm-none-eabi-10.3-2021.10/bin/../lib/gcc/arm-none-eabi/10.3.1/../../../../arm-none-eabi/lib/thumb/v7e-m/nofp\libg.a(lib_a-lock.o)
 .text.__retarget_lock_init
                0x00000000        0x4 e:/stm32cube/gcc-arm-none-eabi-10.3-2021.10/bin/../lib/gcc/arm-none-eabi/10.3.1/../../../../arm-none-eabi/lib/thumb/v7e-m/nofp\libg.a(lib_a-lock.o)
 .text.__retarget_lock_init_recursive
                0x00000000        0x4 e:/stm32cube/gcc-arm-none-eabi-10.3-2021.10/bin/../lib/gcc/arm-none-eabi/10.3.1/../../../../arm-none-eabi/lib/thumb/v7e-m/nofp\libg.a(lib_a-lock.o)
 .text.__retarget_lock_close
                0x00000000        0x4 e:/stm32cube/gcc-arm-none-eabi-10.3-2021.10/bin/../lib/gcc/arm-none-eabi/10.3.1/../../../../arm-none-eabi/lib/thumb/v7e-m/nofp\libg.a(lib_a-lock.o)
 .text.__retarget_lock_close_recursive
                0x00000000        0x4 e:/stm32cube/gcc-arm-none-eabi-10.3-2021.10/bin/../lib/gcc/arm-none-eabi/10.3.1/../../../../arm-none-eabi/lib/thumb/v7e-m/nofp\libg.a(lib_a-lock.o)
 .text.__retarget_lock_acquire
                0x00000000        0x4 e:/stm32cube/gcc-arm-none-eabi-10.3-2021.10/bin/../lib/gcc/arm-none-eabi/10.3.1/../../../../arm-none-eabi/lib/thumb/v7e-m/nofp\libg.a(lib_a-lock.o)
 .text.__retarget_lock_try_acquire
                0x00000000        0x4 e:/stm32cube/gcc-arm-none-eabi-10.3-2021.10/bin/../lib/gcc/arm-none-eabi/10.3.1/../../../../arm-none-eabi/lib/thumb/v7e-m/nofp\libg.a(lib_a-lock.o)
 .text.__retarget_lock_try_acquire_recursive
                0x00000000        0x4 e:/stm32cube/gcc-arm-none-eabi-10.3-2021.10/bin/../lib/gcc/arm-none-eabi/10.3.1/../../../../arm-none-eabi/lib/thumb/v7e-m/nofp\libg.a(lib_a-lock.o)
 .text.__retarget_lock_release
                0x00000000        0x4 e:/stm32cube/gcc-arm-none-eabi-10.3-2021.10/bin/../lib/gcc/arm-none-eabi/10.3.1/../../../../arm-none-eabi/lib/thumb/v7e-m/nofp\libg.a(lib_a-lock.o)
 .bss.__lock___arc4random_mutex
                0x00000000        0x1 e:/stm32cube/gcc-arm-none-eabi-10.3-2021.10/bin/../lib/gcc/arm-none-eabi/10.3.1/../../../../arm-none-eabi/lib/thumb/v7e-m/nofp\libg.a(lib_a-lock.o)
 .bss.__lock___at_quick_exit_mutex
                0x00000000        0x1 e:/stm32cube/gcc-arm-none-eabi-10.3-2021.10/bin/../lib/gcc/arm-none-eabi/10.3.1/../../../../arm-none-eabi/lib/thumb/v7e-m/nofp\libg.a(lib_a-lock.o)
 .bss.__lock___dd_hash_mutex
                0x00000000        0x1 e:/stm32cube/gcc-arm-none-eabi-10.3-2021.10/bin/../lib/gcc/arm-none-eabi/10.3.1/../../../../arm-none-eabi/lib/thumb/v7e-m/nofp\libg.a(lib_a-lock.o)
 .bss.__lock___env_recursive_mutex
                0x00000000        0x1 e:/stm32cube/gcc-arm-none-eabi-10.3-2021.10/bin/../lib/gcc/arm-none-eabi/10.3.1/../../../../arm-none-eabi/lib/thumb/v7e-m/nofp\libg.a(lib_a-lock.o)
 .bss.__lock___malloc_recursive_mutex
                0x00000000        0x1 e:/stm32cube/gcc-arm-none-eabi-10.3-2021.10/bin/../lib/gcc/arm-none-eabi/10.3.1/../../../../arm-none-eabi/lib/thumb/v7e-m/nofp\libg.a(lib_a-lock.o)
 .bss.__lock___sfp_recursive_mutex
                0x00000000        0x1 e:/stm32cube/gcc-arm-none-eabi-10.3-2021.10/bin/../lib/gcc/arm-none-eabi/10.3.1/../../../../arm-none-eabi/lib/thumb/v7e-m/nofp\libg.a(lib_a-lock.o)
 .bss.__lock___sinit_recursive_mutex
                0x00000000        0x1 e:/stm32cube/gcc-arm-none-eabi-10.3-2021.10/bin/../lib/gcc/arm-none-eabi/10.3.1/../../../../arm-none-eabi/lib/thumb/v7e-m/nofp\libg.a(lib_a-lock.o)
 .bss.__lock___tz_mutex
                0x00000000        0x1 e:/stm32cube/gcc-arm-none-eabi-10.3-2021.10/bin/../lib/gcc/arm-none-eabi/10.3.1/../../../../arm-none-eabi/lib/thumb/v7e-m/nofp\libg.a(lib_a-lock.o)
 .text          0x00000000        0x0 e:/stm32cube/gcc-arm-none-eabi-10.3-2021.10/bin/../lib/gcc/arm-none-eabi/10.3.1/../../../../arm-none-eabi/lib/thumb/v7e-m/nofp\libg.a(lib_a-__atexit.o)
 .data          0x00000000        0x0 e:/stm32cube/gcc-arm-none-eabi-10.3-2021.10/bin/../lib/gcc/arm-none-eabi/10.3.1/../../../../arm-none-eabi/lib/thumb/v7e-m/nofp\libg.a(lib_a-__atexit.o)
 .bss           0x00000000        0x0 e:/stm32cube/gcc-arm-none-eabi-10.3-2021.10/bin/../lib/gcc/arm-none-eabi/10.3.1/../../../../arm-none-eabi/lib/thumb/v7e-m/nofp\libg.a(lib_a-__atexit.o)
 .text          0x00000000        0x0 e:/stm32cube/gcc-arm-none-eabi-10.3-2021.10/bin/../lib/gcc/arm-none-eabi/10.3.1/thumb/v7e-m/nofp/crtend.o
 .data          0x00000000        0x0 e:/stm32cube/gcc-arm-none-eabi-10.3-2021.10/bin/../lib/gcc/arm-none-eabi/10.3.1/thumb/v7e-m/nofp/crtend.o
 .bss           0x00000000        0x0 e:/stm32cube/gcc-arm-none-eabi-10.3-2021.10/bin/../lib/gcc/arm-none-eabi/10.3.1/thumb/v7e-m/nofp/crtend.o
 .rodata        0x00000000       0x24 e:/stm32cube/gcc-arm-none-eabi-10.3-2021.10/bin/../lib/gcc/arm-none-eabi/10.3.1/thumb/v7e-m/nofp/crtend.o
 .eh_frame      0x00000000        0x4 e:/stm32cube/gcc-arm-none-eabi-10.3-2021.10/bin/../lib/gcc/arm-none-eabi/10.3.1/thumb/v7e-m/nofp/crtend.o
 .ARM.attributes
                0x00000000       0x2e e:/stm32cube/gcc-arm-none-eabi-10.3-2021.10/bin/../lib/gcc/arm-none-eabi/10.3.1/thumb/v7e-m/nofp/crtend.o
 .text          0x00000000        0x0 e:/stm32cube/gcc-arm-none-eabi-10.3-2021.10/bin/../lib/gcc/arm-none-eabi/10.3.1/thumb/v7e-m/nofp/crtn.o
 .data          0x00000000        0x0 e:/stm32cube/gcc-arm-none-eabi-10.3-2021.10/bin/../lib/gcc/arm-none-eabi/10.3.1/thumb/v7e-m/nofp/crtn.o
 .bss           0x00000000        0x0 e:/stm32cube/gcc-arm-none-eabi-10.3-2021.10/bin/../lib/gcc/arm-none-eabi/10.3.1/thumb/v7e-m/nofp/crtn.o

Memory Configuration

Name             Origin             Length             Attributes
CCMRAM           0x10000000         0x00010000         xrw
RAM              0x20000000         0x00020000         xrw
FLASH            0x08000000         0x00100000         xr
*default*        0x00000000         0xffffffff

Linker script and memory map

LOAD e:/stm32cube/gcc-arm-none-eabi-10.3-2021.10/bin/../lib/gcc/arm-none-eabi/10.3.1/thumb/v7e-m/nofp/crti.o
LOAD e:/stm32cube/gcc-arm-none-eabi-10.3-2021.10/bin/../lib/gcc/arm-none-eabi/10.3.1/thumb/v7e-m/nofp/crtbegin.o
LOAD e:/stm32cube/gcc-arm-none-eabi-10.3-2021.10/bin/../lib/gcc/arm-none-eabi/10.3.1/../../../../arm-none-eabi/lib/thumb/v7e-m/nofp/crt0.o
LOAD CMakeFiles/ThirdTime.elf.dir/Core/Src/can.c.obj
LOAD CMakeFiles/ThirdTime.elf.dir/Core/Src/gpio.c.obj
LOAD CMakeFiles/ThirdTime.elf.dir/Core/Src/main.c.obj
LOAD CMakeFiles/ThirdTime.elf.dir/Core/Src/stm32f4xx_hal_msp.c.obj
LOAD CMakeFiles/ThirdTime.elf.dir/Core/Src/stm32f4xx_it.c.obj
LOAD CMakeFiles/ThirdTime.elf.dir/Core/Src/syscalls.c.obj
LOAD CMakeFiles/ThirdTime.elf.dir/Core/Src/sysmem.c.obj
LOAD CMakeFiles/ThirdTime.elf.dir/Core/Src/system_stm32f4xx.c.obj
LOAD CMakeFiles/ThirdTime.elf.dir/Core/Src/tim.c.obj
LOAD CMakeFiles/ThirdTime.elf.dir/Core/Startup/startup_stm32f407ighx.s.obj
START GROUP
LOAD e:/stm32cube/gcc-arm-none-eabi-10.3-2021.10/bin/../lib/gcc/arm-none-eabi/10.3.1/thumb/v7e-m/nofp\libgcc.a
LOAD e:/stm32cube/gcc-arm-none-eabi-10.3-2021.10/bin/../lib/gcc/arm-none-eabi/10.3.1/../../../../arm-none-eabi/lib/thumb/v7e-m/nofp\libg.a
LOAD e:/stm32cube/gcc-arm-none-eabi-10.3-2021.10/bin/../lib/gcc/arm-none-eabi/10.3.1/../../../../arm-none-eabi/lib/thumb/v7e-m/nofp\libc.a
END GROUP
LOAD e:/stm32cube/gcc-arm-none-eabi-10.3-2021.10/bin/../lib/gcc/arm-none-eabi/10.3.1/thumb/v7e-m/nofp/crtend.o
LOAD e:/stm32cube/gcc-arm-none-eabi-10.3-2021.10/bin/../lib/gcc/arm-none-eabi/10.3.1/thumb/v7e-m/nofp/crtn.o
                0x20020000                _estack = (ORIGIN (RAM) + LENGTH (RAM))
                0x00000200                _Min_Heap_Size = 0x200
                0x00000400                _Min_Stack_Size = 0x400

.isr_vector     0x08000000      0x188
                0x08000000                . = ALIGN (0x4)
 *(.isr_vector)
 .isr_vector    0x08000000      0x188 CMakeFiles/ThirdTime.elf.dir/Core/Startup/startup_stm32f407ighx.s.obj
                0x08000000                g_pfnVectors
                0x08000188                . = ALIGN (0x4)

.text           0x08000188      0x504
                0x08000188                . = ALIGN (0x4)
 *(.text)
 .text          0x08000188       0x40 e:/stm32cube/gcc-arm-none-eabi-10.3-2021.10/bin/../lib/gcc/arm-none-eabi/10.3.1/thumb/v7e-m/nofp/crtbegin.o
 *(.text*)
 .text.MX_CAN1_Init
                0x080001c8       0x38 CMakeFiles/ThirdTime.elf.dir/Core/Src/can.c.obj
                0x080001c8                MX_CAN1_Init
 .text.MX_GPIO_Init
                0x08000200       0x4c CMakeFiles/ThirdTime.elf.dir/Core/Src/gpio.c.obj
                0x08000200                MX_GPIO_Init
 .text.Error_Handler
                0x0800024c        0x4 CMakeFiles/ThirdTime.elf.dir/Core/Src/main.c.obj
                0x0800024c                Error_Handler
 .text.SystemClock_Config
                0x08000250       0xa8 CMakeFiles/ThirdTime.elf.dir/Core/Src/main.c.obj
                0x08000250                SystemClock_Config
 .text.main     0x080002f8       0x2c CMakeFiles/ThirdTime.elf.dir/Core/Src/main.c.obj
                0x080002f8                main
 .text.NMI_Handler
                0x08000324        0x2 CMakeFiles/ThirdTime.elf.dir/Core/Src/stm32f4xx_it.c.obj
                0x08000324                NMI_Handler
 .text.HardFault_Handler
                0x08000326        0x2 CMakeFiles/ThirdTime.elf.dir/Core/Src/stm32f4xx_it.c.obj
                0x08000326                HardFault_Handler
 .text.MemManage_Handler
                0x08000328        0x2 CMakeFiles/ThirdTime.elf.dir/Core/Src/stm32f4xx_it.c.obj
                0x08000328                MemManage_Handler
 .text.BusFault_Handler
                0x0800032a        0x2 CMakeFiles/ThirdTime.elf.dir/Core/Src/stm32f4xx_it.c.obj
                0x0800032a                BusFault_Handler
 .text.UsageFault_Handler
                0x0800032c        0x2 CMakeFiles/ThirdTime.elf.dir/Core/Src/stm32f4xx_it.c.obj
                0x0800032c                UsageFault_Handler
 .text.SVC_Handler
                0x0800032e        0x2 CMakeFiles/ThirdTime.elf.dir/Core/Src/stm32f4xx_it.c.obj
                0x0800032e                SVC_Handler
 .text.DebugMon_Handler
                0x08000330        0x2 CMakeFiles/ThirdTime.elf.dir/Core/Src/stm32f4xx_it.c.obj
                0x08000330                DebugMon_Handler
 .text.PendSV_Handler
                0x08000332        0x2 CMakeFiles/ThirdTime.elf.dir/Core/Src/stm32f4xx_it.c.obj
                0x08000332                PendSV_Handler
 .text.SysTick_Handler
                0x08000334        0x8 CMakeFiles/ThirdTime.elf.dir/Core/Src/stm32f4xx_it.c.obj
                0x08000334                SysTick_Handler
 .text.SystemInit
                0x0800033c        0x2 CMakeFiles/ThirdTime.elf.dir/Core/Src/system_stm32f4xx.c.obj
                0x0800033c                SystemInit
 *fill*         0x0800033e        0x2 
 .text.HAL_TIM_MspPostInit
                0x08000340       0x5c CMakeFiles/ThirdTime.elf.dir/Core/Src/tim.c.obj
                0x08000340                HAL_TIM_MspPostInit
 .text.MX_TIM1_Init
                0x0800039c       0xb8 CMakeFiles/ThirdTime.elf.dir/Core/Src/tim.c.obj
                0x0800039c                MX_TIM1_Init
 .text.Reset_Handler
                0x08000454       0x50 CMakeFiles/ThirdTime.elf.dir/Core/Startup/startup_stm32f407ighx.s.obj
                0x08000454                Reset_Handler
 .text.Default_Handler
                0x080004a4        0x2 CMakeFiles/ThirdTime.elf.dir/Core/Startup/startup_stm32f407ighx.s.obj
                0x080004a4                RTC_Alarm_IRQHandler
                0x080004a4                HASH_RNG_IRQHandler
                0x080004a4                EXTI2_IRQHandler
                0x080004a4                TIM8_CC_IRQHandler
                0x080004a4                TIM1_CC_IRQHandler
                0x080004a4                DMA2_Stream5_IRQHandler
                0x080004a4                DMA1_Stream5_IRQHandler
                0x080004a4                PVD_IRQHandler
                0x080004a4                SDIO_IRQHandler
                0x080004a4                TAMP_STAMP_IRQHandler
                0x080004a4                CAN2_RX1_IRQHandler
                0x080004a4                EXTI3_IRQHandler
                0x080004a4                TIM8_TRG_COM_TIM14_IRQHandler
                0x080004a4                TIM1_UP_TIM10_IRQHandler
                0x080004a4                TIM8_UP_TIM13_IRQHandler
                0x080004a4                I2C3_ER_IRQHandler
                0x080004a4                EXTI0_IRQHandler
                0x080004a4                I2C2_EV_IRQHandler
                0x080004a4                DMA1_Stream2_IRQHandler
                0x080004a4                CAN1_RX0_IRQHandler
                0x080004a4                FPU_IRQHandler
                0x080004a4                OTG_HS_WKUP_IRQHandler
                0x080004a4                CAN2_SCE_IRQHandler
                0x080004a4                DMA2_Stream2_IRQHandler
                0x080004a4                SPI1_IRQHandler
                0x080004a4                TIM6_DAC_IRQHandler
                0x080004a4                TIM1_BRK_TIM9_IRQHandler
                0x080004a4                DCMI_IRQHandler
                0x080004a4                CAN2_RX0_IRQHandler
                0x080004a4                DMA2_Stream3_IRQHandler
                0x080004a4                USART6_IRQHandler
                0x080004a4                USART3_IRQHandler
                0x080004a4                CAN1_RX1_IRQHandler
                0x080004a4                UART5_IRQHandler
                0x080004a4                DMA2_Stream0_IRQHandler
                0x080004a4                TIM4_IRQHandler
                0x080004a4                I2C1_EV_IRQHandler
                0x080004a4                DMA1_Stream6_IRQHandler
                0x080004a4                DMA1_Stream1_IRQHandler
                0x080004a4                UART4_IRQHandler
                0x080004a4                TIM3_IRQHandler
                0x080004a4                RCC_IRQHandler
                0x080004a4                TIM8_BRK_TIM12_IRQHandler
                0x080004a4                Default_Handler
                0x080004a4                EXTI15_10_IRQHandler
                0x080004a4                ADC_IRQHandler
                0x080004a4                DMA1_Stream7_IRQHandler
                0x080004a4                TIM7_IRQHandler
                0x080004a4                CAN2_TX_IRQHandler
                0x080004a4                TIM5_IRQHandler
                0x080004a4                DMA2_Stream7_IRQHandler
                0x080004a4                I2C3_EV_IRQHandler
                0x080004a4                EXTI9_5_IRQHandler
                0x080004a4                RTC_WKUP_IRQHandler
                0x080004a4                ETH_WKUP_IRQHandler
                0x080004a4                SPI2_IRQHandler
                0x080004a4                OTG_HS_EP1_IN_IRQHandler
                0x080004a4                DMA1_Stream0_IRQHandler
                0x080004a4                CAN1_TX_IRQHandler
                0x080004a4                EXTI4_IRQHandler
                0x080004a4                FSMC_IRQHandler
                0x080004a4                ETH_IRQHandler
                0x080004a4                OTG_HS_EP1_OUT_IRQHandler
                0x080004a4                WWDG_IRQHandler
                0x080004a4                TIM2_IRQHandler
                0x080004a4                OTG_FS_WKUP_IRQHandler
                0x080004a4                TIM1_TRG_COM_TIM11_IRQHandler
                0x080004a4                OTG_HS_IRQHandler
                0x080004a4                EXTI1_IRQHandler
                0x080004a4                USART2_IRQHandler
                0x080004a4                I2C2_ER_IRQHandler
                0x080004a4                DMA2_Stream1_IRQHandler
                0x080004a4                CAN1_SCE_IRQHandler
                0x080004a4                FLASH_IRQHandler
                0x080004a4                DMA2_Stream4_IRQHandler
                0x080004a4                USART1_IRQHandler
                0x080004a4                OTG_FS_IRQHandler
                0x080004a4                SPI3_IRQHandler
                0x080004a4                DMA1_Stream4_IRQHandler
                0x080004a4                I2C1_ER_IRQHandler
                0x080004a4                DMA2_Stream6_IRQHandler
                0x080004a4                DMA1_Stream3_IRQHandler
 *fill*         0x080004a6        0x2 
 .text.__libc_init_array
                0x080004a8       0x48 e:/stm32cube/gcc-arm-none-eabi-10.3-2021.10/bin/../lib/gcc/arm-none-eabi/10.3.1/../../../../arm-none-eabi/lib/thumb/v7e-m/nofp\libg.a(lib_a-init.o)
                0x080004a8                __libc_init_array
 .text.memset   0x080004f0       0xa4 e:/stm32cube/gcc-arm-none-eabi-10.3-2021.10/bin/../lib/gcc/arm-none-eabi/10.3.1/../../../../arm-none-eabi/lib/thumb/v7e-m/nofp\libg.a(lib_a-memset.o)
                0x080004f0                memset
 .text.startup.register_fini
                0x08000594       0x14 e:/stm32cube/gcc-arm-none-eabi-10.3-2021.10/bin/../lib/gcc/arm-none-eabi/10.3.1/../../../../arm-none-eabi/lib/thumb/v7e-m/nofp\libg.a(lib_a-__call_atexit.o)
 .text.atexit   0x080005a8        0xc e:/stm32cube/gcc-arm-none-eabi-10.3-2021.10/bin/../lib/gcc/arm-none-eabi/10.3.1/../../../../arm-none-eabi/lib/thumb/v7e-m/nofp\libg.a(lib_a-atexit.o)
                0x080005a8                atexit
 .text.__libc_fini_array
                0x080005b4       0x2c e:/stm32cube/gcc-arm-none-eabi-10.3-2021.10/bin/../lib/gcc/arm-none-eabi/10.3.1/../../../../arm-none-eabi/lib/thumb/v7e-m/nofp\libg.a(lib_a-fini.o)
                0x080005b4                __libc_fini_array
 .text.__retarget_lock_acquire_recursive
                0x080005e0        0x4 e:/stm32cube/gcc-arm-none-eabi-10.3-2021.10/bin/../lib/gcc/arm-none-eabi/10.3.1/../../../../arm-none-eabi/lib/thumb/v7e-m/nofp\libg.a(lib_a-lock.o)
                0x080005e0                __retarget_lock_acquire_recursive
 .text.__retarget_lock_release_recursive
                0x080005e4        0x4 e:/stm32cube/gcc-arm-none-eabi-10.3-2021.10/bin/../lib/gcc/arm-none-eabi/10.3.1/../../../../arm-none-eabi/lib/thumb/v7e-m/nofp\libg.a(lib_a-lock.o)
                0x080005e4                __retarget_lock_release_recursive
 .text.__register_exitproc
                0x080005e8       0x8c e:/stm32cube/gcc-arm-none-eabi-10.3-2021.10/bin/../lib/gcc/arm-none-eabi/10.3.1/../../../../arm-none-eabi/lib/thumb/v7e-m/nofp\libg.a(lib_a-__atexit.o)
                0x080005e8                __register_exitproc
 *(.glue_7)
 .glue_7        0x08000674        0x0 linker stubs
 *(.glue_7t)
 .glue_7t       0x08000674        0x0 linker stubs
 *(.eh_frame)
 .eh_frame      0x08000674        0x0 e:/stm32cube/gcc-arm-none-eabi-10.3-2021.10/bin/../lib/gcc/arm-none-eabi/10.3.1/thumb/v7e-m/nofp/crtbegin.o
 *(.init)
 .init          0x08000674        0x4 e:/stm32cube/gcc-arm-none-eabi-10.3-2021.10/bin/../lib/gcc/arm-none-eabi/10.3.1/thumb/v7e-m/nofp/crti.o
                0x08000674                _init
 .init          0x08000678        0x8 e:/stm32cube/gcc-arm-none-eabi-10.3-2021.10/bin/../lib/gcc/arm-none-eabi/10.3.1/thumb/v7e-m/nofp/crtn.o
 *(.fini)
 .fini          0x08000680        0x4 e:/stm32cube/gcc-arm-none-eabi-10.3-2021.10/bin/../lib/gcc/arm-none-eabi/10.3.1/thumb/v7e-m/nofp/crti.o
                0x08000680                _fini
 .fini          0x08000684        0x8 e:/stm32cube/gcc-arm-none-eabi-10.3-2021.10/bin/../lib/gcc/arm-none-eabi/10.3.1/thumb/v7e-m/nofp/crtn.o
                0x0800068c                . = ALIGN (0x4)
                0x0800068c                _etext = .

.vfp11_veneer   0x0800068c        0x0
 .vfp11_veneer  0x0800068c        0x0 linker stubs

.v4_bx          0x0800068c        0x0
 .v4_bx         0x0800068c        0x0 linker stubs

.iplt           0x0800068c        0x0
 .iplt          0x0800068c        0x0 e:/stm32cube/gcc-arm-none-eabi-10.3-2021.10/bin/../lib/gcc/arm-none-eabi/10.3.1/thumb/v7e-m/nofp/crtbegin.o

.rodata         0x0800068c        0x4
                0x0800068c                . = ALIGN (0x4)
 *(.rodata)
 *(.rodata*)
 .rodata._global_impure_ptr
                0x0800068c        0x4 e:/stm32cube/gcc-arm-none-eabi-10.3-2021.10/bin/../lib/gcc/arm-none-eabi/10.3.1/../../../../arm-none-eabi/lib/thumb/v7e-m/nofp\libg.a(lib_a-impure.o)
                0x0800068c                _global_impure_ptr
                0x08000690                . = ALIGN (0x4)

.rel.dyn        0x08000690        0x0
 .rel.iplt      0x08000690        0x0 e:/stm32cube/gcc-arm-none-eabi-10.3-2021.10/bin/../lib/gcc/arm-none-eabi/10.3.1/thumb/v7e-m/nofp/crtbegin.o

.ARM.extab      0x08000690        0x0
                0x08000690                . = ALIGN (0x4)
 *(.ARM.extab* .gnu.linkonce.armextab.*)
                0x08000690                . = ALIGN (0x4)

.ARM            0x08000690        0x0
                0x08000690                . = ALIGN (0x4)
                0x08000690                __exidx_start = .
 *(.ARM.exidx*)
                0x08000690                __exidx_end = .
                0x08000690                . = ALIGN (0x4)

.preinit_array  0x08000690        0x0
                0x08000690                . = ALIGN (0x4)
                0x08000690                PROVIDE (__preinit_array_start = .)
 *(.preinit_array*)
                0x08000690                PROVIDE (__preinit_array_end = .)
                0x08000690                . = ALIGN (0x4)

.init_array     0x08000690        0x8
                0x08000690                . = ALIGN (0x4)
                0x08000690                PROVIDE (__init_array_start = .)
 *(SORT_BY_NAME(.init_array.*))
 .init_array.00000
                0x08000690        0x4 e:/stm32cube/gcc-arm-none-eabi-10.3-2021.10/bin/../lib/gcc/arm-none-eabi/10.3.1/../../../../arm-none-eabi/lib/thumb/v7e-m/nofp\libg.a(lib_a-__call_atexit.o)
 *(.init_array*)
 .init_array    0x08000694        0x4 e:/stm32cube/gcc-arm-none-eabi-10.3-2021.10/bin/../lib/gcc/arm-none-eabi/10.3.1/thumb/v7e-m/nofp/crtbegin.o
                0x08000698                PROVIDE (__init_array_end = .)
                0x08000698                . = ALIGN (0x4)

.fini_array     0x08000698        0x4
                0x08000698                . = ALIGN (0x4)
                0x08000698                PROVIDE (__fini_array_start = .)
 *(SORT_BY_NAME(.fini_array.*))
 *(.fini_array*)
 .fini_array    0x08000698        0x4 e:/stm32cube/gcc-arm-none-eabi-10.3-2021.10/bin/../lib/gcc/arm-none-eabi/10.3.1/thumb/v7e-m/nofp/crtbegin.o
                0x0800069c                PROVIDE (__fini_array_end = .)
                0x0800069c                . = ALIGN (0x4)
                0x0800069c                _sidata = LOADADDR (.data)

.data           0x20000000      0x42c load address 0x0800069c
                0x20000000                . = ALIGN (0x4)
                0x20000000                _sdata = .
 *(.data)
 *(.data*)
 .data.impure_data
                0x20000000      0x428 e:/stm32cube/gcc-arm-none-eabi-10.3-2021.10/bin/../lib/gcc/arm-none-eabi/10.3.1/../../../../arm-none-eabi/lib/thumb/v7e-m/nofp\libg.a(lib_a-impure.o)
 .data.__atexit_recursive_mutex
                0x20000428        0x4 e:/stm32cube/gcc-arm-none-eabi-10.3-2021.10/bin/../lib/gcc/arm-none-eabi/10.3.1/../../../../arm-none-eabi/lib/thumb/v7e-m/nofp\libg.a(lib_a-__call_atexit.o)
                0x20000428                __atexit_recursive_mutex
 *(.RamFunc)
 *(.RamFunc*)
                0x2000042c                . = ALIGN (0x4)
                0x2000042c                _edata = .
                0x08000ac8                _siccmram = LOADADDR (.ccmram)

.igot.plt       0x2000042c        0x0 load address 0x08000ac8
 .igot.plt      0x2000042c        0x0 e:/stm32cube/gcc-arm-none-eabi-10.3-2021.10/bin/../lib/gcc/arm-none-eabi/10.3.1/thumb/v7e-m/nofp/crtbegin.o

.ccmram         0x10000000        0x0 load address 0x08000ac8
                0x10000000                . = ALIGN (0x4)
                0x10000000                _sccmram = .
 *(.ccmram)
 *(.ccmram*)
                0x10000000                . = ALIGN (0x4)
                0x10000000                _eccmram = .
                0x10000000                . = ALIGN (0x4)

.bss            0x2000042c       0x90
                0x2000042c                _sbss = .
                0x2000042c                __bss_start__ = _sbss
 *(.bss)
 .bss           0x2000042c       0x1c e:/stm32cube/gcc-arm-none-eabi-10.3-2021.10/bin/../lib/gcc/arm-none-eabi/10.3.1/thumb/v7e-m/nofp/crtbegin.o
 *(.bss*)
 .bss.hcan1     0x20000448       0x28 CMakeFiles/ThirdTime.elf.dir/Core/Src/can.c.obj
                0x20000448                hcan1
 .bss.htim1     0x20000470       0x48 CMakeFiles/ThirdTime.elf.dir/Core/Src/tim.c.obj
                0x20000470                htim1
 .bss.__lock___atexit_recursive_mutex
                0x200004b8        0x1 e:/stm32cube/gcc-arm-none-eabi-10.3-2021.10/bin/../lib/gcc/arm-none-eabi/10.3.1/../../../../arm-none-eabi/lib/thumb/v7e-m/nofp\libg.a(lib_a-lock.o)
                0x200004b8                __lock___atexit_recursive_mutex
 *(COMMON)
                0x200004bc                . = ALIGN (0x4)
 *fill*         0x200004b9        0x3 
                0x200004bc                _ebss = .
                0x200004bc                __bss_end__ = _ebss

._user_heap_stack
                0x200004bc      0x604
                0x200004c0                . = ALIGN (0x8)
 *fill*         0x200004bc        0x4 
                [!provide]                PROVIDE (end = .)
                0x200004c0                PROVIDE (_end = .)
                0x200006c0                . = (. + _Min_Heap_Size)
 *fill*         0x200004c0      0x200 
                0x20000ac0                . = (. + _Min_Stack_Size)
 *fill*         0x200006c0      0x400 
                0x20000ac0                . = ALIGN (0x8)

/DISCARD/
 libc.a(*)
 libm.a(*)
 libgcc.a(*)

.ARM.attributes
                0x00000000       0x2a
 *(.ARM.attributes)
 .ARM.attributes
                0x00000000       0x1e e:/stm32cube/gcc-arm-none-eabi-10.3-2021.10/bin/../lib/gcc/arm-none-eabi/10.3.1/thumb/v7e-m/nofp/crti.o
 .ARM.attributes
                0x0000001e       0x2e e:/stm32cube/gcc-arm-none-eabi-10.3-2021.10/bin/../lib/gcc/arm-none-eabi/10.3.1/thumb/v7e-m/nofp/crtbegin.o
 .ARM.attributes
                0x0000004c       0x2e CMakeFiles/ThirdTime.elf.dir/Core/Src/can.c.obj
 .ARM.attributes
                0x0000007a       0x2e CMakeFiles/ThirdTime.elf.dir/Core/Src/gpio.c.obj
 .ARM.attributes
                0x000000a8       0x2e CMakeFiles/ThirdTime.elf.dir/Core/Src/main.c.obj
 .ARM.attributes
                0x000000d6       0x2e CMakeFiles/ThirdTime.elf.dir/Core/Src/stm32f4xx_it.c.obj
 .ARM.attributes
                0x00000104       0x2e CMakeFiles/ThirdTime.elf.dir/Core/Src/system_stm32f4xx.c.obj
 .ARM.attributes
                0x00000132       0x2e CMakeFiles/ThirdTime.elf.dir/Core/Src/tim.c.obj
 .ARM.attributes
                0x00000160       0x21 CMakeFiles/ThirdTime.elf.dir/Core/Startup/startup_stm32f407ighx.s.obj
 .ARM.attributes
                0x00000181       0x2e e:/stm32cube/gcc-arm-none-eabi-10.3-2021.10/bin/../lib/gcc/arm-none-eabi/10.3.1/../../../../arm-none-eabi/lib/thumb/v7e-m/nofp\libg.a(lib_a-impure.o)
 .ARM.attributes
                0x000001af       0x2e e:/stm32cube/gcc-arm-none-eabi-10.3-2021.10/bin/../lib/gcc/arm-none-eabi/10.3.1/../../../../arm-none-eabi/lib/thumb/v7e-m/nofp\libg.a(lib_a-init.o)
 .ARM.attributes
                0x000001dd       0x2e e:/stm32cube/gcc-arm-none-eabi-10.3-2021.10/bin/../lib/gcc/arm-none-eabi/10.3.1/../../../../arm-none-eabi/lib/thumb/v7e-m/nofp\libg.a(lib_a-memset.o)
 .ARM.attributes
                0x0000020b       0x2e e:/stm32cube/gcc-arm-none-eabi-10.3-2021.10/bin/../lib/gcc/arm-none-eabi/10.3.1/../../../../arm-none-eabi/lib/thumb/v7e-m/nofp\libg.a(lib_a-__call_atexit.o)
 .ARM.attributes
                0x00000239       0x2e e:/stm32cube/gcc-arm-none-eabi-10.3-2021.10/bin/../lib/gcc/arm-none-eabi/10.3.1/../../../../arm-none-eabi/lib/thumb/v7e-m/nofp\libg.a(lib_a-atexit.o)
 .ARM.attributes
                0x00000267       0x2e e:/stm32cube/gcc-arm-none-eabi-10.3-2021.10/bin/../lib/gcc/arm-none-eabi/10.3.1/../../../../arm-none-eabi/lib/thumb/v7e-m/nofp\libg.a(lib_a-fini.o)
 .ARM.attributes
                0x00000295       0x2e e:/stm32cube/gcc-arm-none-eabi-10.3-2021.10/bin/../lib/gcc/arm-none-eabi/10.3.1/../../../../arm-none-eabi/lib/thumb/v7e-m/nofp\libg.a(lib_a-lock.o)
 .ARM.attributes
                0x000002c3       0x2e e:/stm32cube/gcc-arm-none-eabi-10.3-2021.10/bin/../lib/gcc/arm-none-eabi/10.3.1/../../../../arm-none-eabi/lib/thumb/v7e-m/nofp\libg.a(lib_a-__atexit.o)
 .ARM.attributes
                0x000002f1       0x1e e:/stm32cube/gcc-arm-none-eabi-10.3-2021.10/bin/../lib/gcc/arm-none-eabi/10.3.1/thumb/v7e-m/nofp/crtn.o
OUTPUT(ThirdTime.elf elf32-littlearm)
LOAD linker stubs
LOAD e:/stm32cube/gcc-arm-none-eabi-10.3-2021.10/bin/../lib/gcc/arm-none-eabi/10.3.1/../../../../arm-none-eabi/lib/thumb/v7e-m/nofp\libc.a
LOAD e:/stm32cube/gcc-arm-none-eabi-10.3-2021.10/bin/../lib/gcc/arm-none-eabi/10.3.1/../../../../arm-none-eabi/lib/thumb/v7e-m/nofp\libm.a
LOAD e:/stm32cube/gcc-arm-none-eabi-10.3-2021.10/bin/../lib/gcc/arm-none-eabi/10.3.1/thumb/v7e-m/nofp\libgcc.a

.debug_info     0x00000000     0x2ec2
 .debug_info    0x00000000      0x8ea CMakeFiles/ThirdTime.elf.dir/Core/Src/can.c.obj
 .debug_info    0x000008ea      0x2c1 CMakeFiles/ThirdTime.elf.dir/Core/Src/gpio.c.obj
 .debug_info    0x00000bab     0x114b CMakeFiles/ThirdTime.elf.dir/Core/Src/main.c.obj
 .debug_info    0x00001cf6      0x12f CMakeFiles/ThirdTime.elf.dir/Core/Src/stm32f4xx_it.c.obj
 .debug_info    0x00001e25      0x37d CMakeFiles/ThirdTime.elf.dir/Core/Src/system_stm32f4xx.c.obj
 .debug_info    0x000021a2      0xcfe CMakeFiles/ThirdTime.elf.dir/Core/Src/tim.c.obj
 .debug_info    0x00002ea0       0x22 CMakeFiles/ThirdTime.elf.dir/Core/Startup/startup_stm32f407ighx.s.obj

.debug_abbrev   0x00000000      0x92d
 .debug_abbrev  0x00000000      0x1ed CMakeFiles/ThirdTime.elf.dir/Core/Src/can.c.obj
 .debug_abbrev  0x000001ed       0xd1 CMakeFiles/ThirdTime.elf.dir/Core/Src/gpio.c.obj
 .debug_abbrev  0x000002be      0x2b5 CMakeFiles/ThirdTime.elf.dir/Core/Src/main.c.obj
 .debug_abbrev  0x00000573       0x7e CMakeFiles/ThirdTime.elf.dir/Core/Src/stm32f4xx_it.c.obj
 .debug_abbrev  0x000005f1      0x119 CMakeFiles/ThirdTime.elf.dir/Core/Src/system_stm32f4xx.c.obj
 .debug_abbrev  0x0000070a      0x211 CMakeFiles/ThirdTime.elf.dir/Core/Src/tim.c.obj
 .debug_abbrev  0x0000091b       0x12 CMakeFiles/ThirdTime.elf.dir/Core/Startup/startup_stm32f407ighx.s.obj

.debug_loc      0x00000000      0x2d5
 .debug_loc     0x00000000       0x84 CMakeFiles/ThirdTime.elf.dir/Core/Src/can.c.obj
 .debug_loc     0x00000084       0xb7 CMakeFiles/ThirdTime.elf.dir/Core/Src/main.c.obj
 .debug_loc     0x0000013b      0x158 CMakeFiles/ThirdTime.elf.dir/Core/Src/system_stm32f4xx.c.obj
 .debug_loc     0x00000293       0x42 CMakeFiles/ThirdTime.elf.dir/Core/Src/tim.c.obj

.debug_aranges  0x00000000      0x180
 .debug_aranges
                0x00000000       0x30 CMakeFiles/ThirdTime.elf.dir/Core/Src/can.c.obj
 .debug_aranges
                0x00000030       0x20 CMakeFiles/ThirdTime.elf.dir/Core/Src/gpio.c.obj
 .debug_aranges
                0x00000050       0x48 CMakeFiles/ThirdTime.elf.dir/Core/Src/main.c.obj
 .debug_aranges
                0x00000098       0x60 CMakeFiles/ThirdTime.elf.dir/Core/Src/stm32f4xx_it.c.obj
 .debug_aranges
                0x000000f8       0x28 CMakeFiles/ThirdTime.elf.dir/Core/Src/system_stm32f4xx.c.obj
 .debug_aranges
                0x00000120       0x38 CMakeFiles/ThirdTime.elf.dir/Core/Src/tim.c.obj
 .debug_aranges
                0x00000158       0x28 CMakeFiles/ThirdTime.elf.dir/Core/Startup/startup_stm32f407ighx.s.obj

.debug_ranges   0x00000000      0x118
 .debug_ranges  0x00000000       0x20 CMakeFiles/ThirdTime.elf.dir/Core/Src/can.c.obj
 .debug_ranges  0x00000020       0x10 CMakeFiles/ThirdTime.elf.dir/Core/Src/gpio.c.obj
 .debug_ranges  0x00000030       0x38 CMakeFiles/ThirdTime.elf.dir/Core/Src/main.c.obj
 .debug_ranges  0x00000068       0x50 CMakeFiles/ThirdTime.elf.dir/Core/Src/stm32f4xx_it.c.obj
 .debug_ranges  0x000000b8       0x18 CMakeFiles/ThirdTime.elf.dir/Core/Src/system_stm32f4xx.c.obj
 .debug_ranges  0x000000d0       0x28 CMakeFiles/ThirdTime.elf.dir/Core/Src/tim.c.obj
 .debug_ranges  0x000000f8       0x20 CMakeFiles/ThirdTime.elf.dir/Core/Startup/startup_stm32f407ighx.s.obj

.debug_line     0x00000000     0x11f4
 .debug_line    0x00000000      0x32a CMakeFiles/ThirdTime.elf.dir/Core/Src/can.c.obj
 .debug_line    0x0000032a      0x175 CMakeFiles/ThirdTime.elf.dir/Core/Src/gpio.c.obj
 .debug_line    0x0000049f      0x4ca CMakeFiles/ThirdTime.elf.dir/Core/Src/main.c.obj
 .debug_line    0x00000969      0x1a7 CMakeFiles/ThirdTime.elf.dir/Core/Src/stm32f4xx_it.c.obj
 .debug_line    0x00000b10      0x245 CMakeFiles/ThirdTime.elf.dir/Core/Src/system_stm32f4xx.c.obj
 .debug_line    0x00000d55      0x40a CMakeFiles/ThirdTime.elf.dir/Core/Src/tim.c.obj
 .debug_line    0x0000115f       0x95 CMakeFiles/ThirdTime.elf.dir/Core/Startup/startup_stm32f407ighx.s.obj

.debug_str      0x00000000     0x110c
 .debug_str     0x00000000      0x5bd CMakeFiles/ThirdTime.elf.dir/Core/Src/can.c.obj
                                0x637 (size before relaxing)
 .debug_str     0x000005bd       0x2d CMakeFiles/ThirdTime.elf.dir/Core/Src/gpio.c.obj
                                0x2bb (size before relaxing)
 .debug_str     0x000005ea      0x760 CMakeFiles/ThirdTime.elf.dir/Core/Src/main.c.obj
                                0xce4 (size before relaxing)
 .debug_str     0x00000d4a       0xc4 CMakeFiles/ThirdTime.elf.dir/Core/Src/stm32f4xx_it.c.obj
                                0x23b (size before relaxing)
 .debug_str     0x00000e0e       0x94 CMakeFiles/ThirdTime.elf.dir/Core/Src/system_stm32f4xx.c.obj
                                0x32d (size before relaxing)
 .debug_str     0x00000ea2      0x227 CMakeFiles/ThirdTime.elf.dir/Core/Src/tim.c.obj
                                0xada (size before relaxing)
 .debug_str     0x000010c9       0x43 CMakeFiles/ThirdTime.elf.dir/Core/Startup/startup_stm32f407ighx.s.obj
                                 0x65 (size before relaxing)

.comment        0x00000000       0x49
 .comment       0x00000000       0x49 CMakeFiles/ThirdTime.elf.dir/Core/Src/can.c.obj
                                 0x4a (size before relaxing)
 .comment       0x00000049       0x4a CMakeFiles/ThirdTime.elf.dir/Core/Src/gpio.c.obj
 .comment       0x00000049       0x4a CMakeFiles/ThirdTime.elf.dir/Core/Src/main.c.obj
 .comment       0x00000049       0x4a CMakeFiles/ThirdTime.elf.dir/Core/Src/stm32f4xx_it.c.obj
 .comment       0x00000049       0x4a CMakeFiles/ThirdTime.elf.dir/Core/Src/system_stm32f4xx.c.obj
 .comment       0x00000049       0x4a CMakeFiles/ThirdTime.elf.dir/Core/Src/tim.c.obj

.debug_frame    0x00000000      0x468
 .debug_frame   0x00000000       0x60 CMakeFiles/ThirdTime.elf.dir/Core/Src/can.c.obj
 .debug_frame   0x00000060       0x28 CMakeFiles/ThirdTime.elf.dir/Core/Src/gpio.c.obj
 .debug_frame   0x00000088       0xa0 CMakeFiles/ThirdTime.elf.dir/Core/Src/main.c.obj
 .debug_frame   0x00000128       0xa8 CMakeFiles/ThirdTime.elf.dir/Core/Src/stm32f4xx_it.c.obj
 .debug_frame   0x000001d0       0x30 CMakeFiles/ThirdTime.elf.dir/Core/Src/system_stm32f4xx.c.obj
 .debug_frame   0x00000200       0x7c CMakeFiles/ThirdTime.elf.dir/Core/Src/tim.c.obj
 .debug_frame   0x0000027c       0x2c e:/stm32cube/gcc-arm-none-eabi-10.3-2021.10/bin/../lib/gcc/arm-none-eabi/10.3.1/../../../../arm-none-eabi/lib/thumb/v7e-m/nofp\libg.a(lib_a-init.o)
 .debug_frame   0x000002a8       0x2c e:/stm32cube/gcc-arm-none-eabi-10.3-2021.10/bin/../lib/gcc/arm-none-eabi/10.3.1/../../../../arm-none-eabi/lib/thumb/v7e-m/nofp\libg.a(lib_a-memset.o)
 .debug_frame   0x000002d4       0x5c e:/stm32cube/gcc-arm-none-eabi-10.3-2021.10/bin/../lib/gcc/arm-none-eabi/10.3.1/../../../../arm-none-eabi/lib/thumb/v7e-m/nofp\libg.a(lib_a-__call_atexit.o)
 .debug_frame   0x00000330       0x20 e:/stm32cube/gcc-arm-none-eabi-10.3-2021.10/bin/../lib/gcc/arm-none-eabi/10.3.1/../../../../arm-none-eabi/lib/thumb/v7e-m/nofp\libg.a(lib_a-atexit.o)
 .debug_frame   0x00000350       0x34 e:/stm32cube/gcc-arm-none-eabi-10.3-2021.10/bin/../lib/gcc/arm-none-eabi/10.3.1/../../../../arm-none-eabi/lib/thumb/v7e-m/nofp\libg.a(lib_a-fini.o)
 .debug_frame   0x00000384       0xb0 e:/stm32cube/gcc-arm-none-eabi-10.3-2021.10/bin/../lib/gcc/arm-none-eabi/10.3.1/../../../../arm-none-eabi/lib/thumb/v7e-m/nofp\libg.a(lib_a-lock.o)
 .debug_frame   0x00000434       0x34 e:/stm32cube/gcc-arm-none-eabi-10.3-2021.10/bin/../lib/gcc/arm-none-eabi/10.3.1/../../../../arm-none-eabi/lib/thumb/v7e-m/nofp\libg.a(lib_a-__atexit.o)
